Archive member included because of file (symbol)

/home/dalmir/work/arduino/ArduinoLibraries/ArduinoDistanceDriver/Release/libArduinoDistanceDriver.a(UltrasoundDistanceSensor.o)
                              ./main.o (_ZN24UltrasoundDistanceSensorC1Ehh)
/home/dalmir/work/arduino/ArduinoCore/Release/libArduinoCore.a(HardwareSerial0.o)
                              ./main.o (Serial)
/home/dalmir/work/arduino/ArduinoCore/Release/libArduinoCore.a(Print.o)
                              ./main.o (_ZN5Print7printlnEPKc)
/home/dalmir/work/arduino/ArduinoCore/Release/libArduinoCore.a(abi.o)
                              /home/dalmir/work/arduino/ArduinoLibraries/ArduinoDistanceDriver/Release/libArduinoDistanceDriver.a(UltrasoundDistanceSensor.o) (__cxa_pure_virtual)
/home/dalmir/work/arduino/ArduinoCore/Release/libArduinoCore.a(wiring.o)
                              ./main.o (millis)
/home/dalmir/work/arduino/ArduinoCore/Release/libArduinoCore.a(wiring_digital.o)
                              ./main.o (pinMode)
/home/dalmir/work/arduino/ArduinoCore/Release/libArduinoCore.a(wiring_pulse.o)
                              /home/dalmir/work/arduino/ArduinoLibraries/ArduinoDistanceDriver/Release/libArduinoDistanceDriver.a(UltrasoundDistanceSensor.o) (pulseIn)
/home/dalmir/work/arduino/ArduinoCore/Release/libArduinoCore.a(HardwareSerial.o)
                              /home/dalmir/work/arduino/ArduinoCore/Release/libArduinoCore.a(HardwareSerial0.o) (_ZN14HardwareSerial9availableEv)
/home/dalmir/work/arduino/ArduinoCore/Release/libArduinoCore.a(hooks.o)
                              /home/dalmir/work/arduino/ArduinoCore/Release/libArduinoCore.a(wiring.o) (yield)
/usr/lib/gcc/avr/4.8.1/avr5/libgcc.a(_udivmodsi4.o)
                              /home/dalmir/work/arduino/ArduinoCore/Release/libArduinoCore.a(Print.o) (__udivmodsi4)
/usr/lib/gcc/avr/4.8.1/avr5/libgcc.a(_exit.o)
                              /usr/lib/gcc/avr/4.8.1/../../../avr/lib/avr5/crtm328p.o (exit)
/usr/lib/gcc/avr/4.8.1/avr5/libgcc.a(_copy_data.o)
                              ./main.o (__do_copy_data)
/usr/lib/gcc/avr/4.8.1/avr5/libgcc.a(_clear_bss.o)
                              ./main.o (__do_clear_bss)
/usr/lib/gcc/avr/4.8.1/avr5/libgcc.a(_ctors.o)
                              ./main.o (__do_global_ctors)
/usr/lib/gcc/avr/4.8.1/avr5/libgcc.a(_tablejump.o)
                              /usr/lib/gcc/avr/4.8.1/avr5/libgcc.a(_ctors.o) (__tablejump__)
/usr/lib/gcc/avr/4.8.1/../../../avr/lib/avr5/libm.a(addsf3.o)
                              /home/dalmir/work/arduino/ArduinoCore/Release/libArduinoCore.a(Print.o) (__subsf3)
/usr/lib/gcc/avr/4.8.1/../../../avr/lib/avr5/libm.a(addsf3x.o)
                              /usr/lib/gcc/avr/4.8.1/../../../avr/lib/avr5/libm.a(addsf3.o) (__addsf3x)
/usr/lib/gcc/avr/4.8.1/../../../avr/lib/avr5/libm.a(cmpsf2.o)
                              ./main.o (__ltsf2)
/usr/lib/gcc/avr/4.8.1/../../../avr/lib/avr5/libm.a(divsf3.o)
                              /home/dalmir/work/arduino/ArduinoLibraries/ArduinoDistanceDriver/Release/libArduinoDistanceDriver.a(UltrasoundDistanceSensor.o) (__divsf3)
/usr/lib/gcc/avr/4.8.1/../../../avr/lib/avr5/libm.a(divsf3x.o)
                              /usr/lib/gcc/avr/4.8.1/../../../avr/lib/avr5/libm.a(divsf3.o) (__divsf3x)
/usr/lib/gcc/avr/4.8.1/../../../avr/lib/avr5/libm.a(fixunssfsi.o)
                              /home/dalmir/work/arduino/ArduinoCore/Release/libArduinoCore.a(Print.o) (__fixunssfsi)
/usr/lib/gcc/avr/4.8.1/../../../avr/lib/avr5/libm.a(floatsisf.o)
                              ./main.o (__floatunsisf)
/usr/lib/gcc/avr/4.8.1/../../../avr/lib/avr5/libm.a(fp_cmp.o)
                              /usr/lib/gcc/avr/4.8.1/../../../avr/lib/avr5/libm.a(cmpsf2.o) (__fp_cmp)
/usr/lib/gcc/avr/4.8.1/../../../avr/lib/avr5/libm.a(fp_inf.o)
                              /usr/lib/gcc/avr/4.8.1/../../../avr/lib/avr5/libm.a(addsf3x.o) (__fp_inf)
/usr/lib/gcc/avr/4.8.1/../../../avr/lib/avr5/libm.a(fp_nan.o)
                              /usr/lib/gcc/avr/4.8.1/../../../avr/lib/avr5/libm.a(addsf3x.o) (__fp_nan)
/usr/lib/gcc/avr/4.8.1/../../../avr/lib/avr5/libm.a(fp_pscA.o)
                              /usr/lib/gcc/avr/4.8.1/../../../avr/lib/avr5/libm.a(addsf3x.o) (__fp_pscA)
/usr/lib/gcc/avr/4.8.1/../../../avr/lib/avr5/libm.a(fp_pscB.o)
                              /usr/lib/gcc/avr/4.8.1/../../../avr/lib/avr5/libm.a(addsf3x.o) (__fp_pscB)
/usr/lib/gcc/avr/4.8.1/../../../avr/lib/avr5/libm.a(fp_round.o)
                              /usr/lib/gcc/avr/4.8.1/../../../avr/lib/avr5/libm.a(addsf3.o) (__fp_round)
/usr/lib/gcc/avr/4.8.1/../../../avr/lib/avr5/libm.a(fp_split3.o)
                              /usr/lib/gcc/avr/4.8.1/../../../avr/lib/avr5/libm.a(addsf3x.o) (__fp_split3)
/usr/lib/gcc/avr/4.8.1/../../../avr/lib/avr5/libm.a(fp_zero.o)
                              /usr/lib/gcc/avr/4.8.1/../../../avr/lib/avr5/libm.a(addsf3x.o) (__fp_zero)
/usr/lib/gcc/avr/4.8.1/../../../avr/lib/avr5/libm.a(gesf2.o)
                              ./main.o (__gtsf2)
/usr/lib/gcc/avr/4.8.1/../../../avr/lib/avr5/libm.a(mulsf3.o)
                              /home/dalmir/work/arduino/ArduinoCore/Release/libArduinoCore.a(Print.o) (__mulsf3)
/usr/lib/gcc/avr/4.8.1/../../../avr/lib/avr5/libm.a(mulsf3x.o)
                              /usr/lib/gcc/avr/4.8.1/../../../avr/lib/avr5/libm.a(mulsf3.o) (__mulsf3x)
/usr/lib/gcc/avr/4.8.1/../../../avr/lib/avr5/libm.a(unordsf2.o)
                              /home/dalmir/work/arduino/ArduinoCore/Release/libArduinoCore.a(Print.o) (__unordsf2)
/usr/lib/gcc/avr/4.8.1/../../../avr/lib/avr5/libc.a(abort.o)
                              /home/dalmir/work/arduino/ArduinoCore/Release/libArduinoCore.a(abi.o) (abort)

Discarded input sections

 .bss           0x0000000000000000        0x0 /usr/lib/gcc/avr/4.8.1/../../../avr/lib/avr5/crtm328p.o
 .text          0x0000000000000000        0x0 ./main.o
 .bss           0x0000000000000000        0x0 ./main.o
 .rodata.str1.1
                0x0000000000000000       0x13 ./main.o
 .text._Z3runv  0x0000000000000000       0x18 ./main.o
 .text.loop     0x0000000000000000       0x68 ./main.o
 .bss.distance  0x0000000000000000        0x4 ./main.o
 .bss.state     0x0000000000000000        0x1 ./main.o
 .bss           0x0000000000000000        0x0 /tmp/ccF3ZNSQ.o
 .group         0x0000000000000000        0x8 /home/dalmir/work/arduino/ArduinoLibraries/ArduinoDistanceDriver/Release/libArduinoDistanceDriver.a(UltrasoundDistanceSensor.o)
 .group         0x0000000000000000        0x8 /home/dalmir/work/arduino/ArduinoLibraries/ArduinoDistanceDriver/Release/libArduinoDistanceDriver.a(UltrasoundDistanceSensor.o)
 .text          0x0000000000000000        0x0 /home/dalmir/work/arduino/ArduinoLibraries/ArduinoDistanceDriver/Release/libArduinoDistanceDriver.a(UltrasoundDistanceSensor.o)
 .bss           0x0000000000000000        0x0 /home/dalmir/work/arduino/ArduinoLibraries/ArduinoDistanceDriver/Release/libArduinoDistanceDriver.a(UltrasoundDistanceSensor.o)
 .rodata._ZTV14DistanceSensor
                0x0000000000000000        0x6 /home/dalmir/work/arduino/ArduinoLibraries/ArduinoDistanceDriver/Release/libArduinoDistanceDriver.a(UltrasoundDistanceSensor.o)
 .group         0x0000000000000000        0x8 /home/dalmir/work/arduino/ArduinoCore/Release/libArduinoCore.a(HardwareSerial0.o)
 .group         0x0000000000000000        0x8 /home/dalmir/work/arduino/ArduinoCore/Release/libArduinoCore.a(HardwareSerial0.o)
 .text          0x0000000000000000        0x0 /home/dalmir/work/arduino/ArduinoCore/Release/libArduinoCore.a(HardwareSerial0.o)
 .bss           0x0000000000000000        0x0 /home/dalmir/work/arduino/ArduinoCore/Release/libArduinoCore.a(HardwareSerial0.o)
 .text._ZN5Print17availableForWriteEv
                0x0000000000000000        0x6 /home/dalmir/work/arduino/ArduinoCore/Release/libArduinoCore.a(HardwareSerial0.o)
 .text._ZN5Print5flushEv
                0x0000000000000000        0x2 /home/dalmir/work/arduino/ArduinoCore/Release/libArduinoCore.a(HardwareSerial0.o)
 .text._Z17Serial0_availablev
                0x0000000000000000       0x14 /home/dalmir/work/arduino/ArduinoCore/Release/libArduinoCore.a(HardwareSerial0.o)
 .group         0x0000000000000000        0x8 /home/dalmir/work/arduino/ArduinoCore/Release/libArduinoCore.a(Print.o)
 .group         0x0000000000000000        0x8 /home/dalmir/work/arduino/ArduinoCore/Release/libArduinoCore.a(Print.o)
 .group         0x0000000000000000        0x8 /home/dalmir/work/arduino/ArduinoCore/Release/libArduinoCore.a(Print.o)
 .group         0x0000000000000000        0x8 /home/dalmir/work/arduino/ArduinoCore/Release/libArduinoCore.a(Print.o)
 .text          0x0000000000000000        0x0 /home/dalmir/work/arduino/ArduinoCore/Release/libArduinoCore.a(Print.o)
 .bss           0x0000000000000000        0x0 /home/dalmir/work/arduino/ArduinoCore/Release/libArduinoCore.a(Print.o)
 .text._ZN5Print17availableForWriteEv
                0x0000000000000000        0x6 /home/dalmir/work/arduino/ArduinoCore/Release/libArduinoCore.a(Print.o)
 .text._ZN5Print5flushEv
                0x0000000000000000        0x2 /home/dalmir/work/arduino/ArduinoCore/Release/libArduinoCore.a(Print.o)
 .text._ZN5Print5printEmi.part.3
                0x0000000000000000       0x10 /home/dalmir/work/arduino/ArduinoCore/Release/libArduinoCore.a(Print.o)
 .text._ZN5Print5writeEPKc
                0x0000000000000000       0x2c /home/dalmir/work/arduino/ArduinoCore/Release/libArduinoCore.a(Print.o)
 .text._ZN5Print5printEPK19__FlashStringHelper
                0x0000000000000000       0x46 /home/dalmir/work/arduino/ArduinoCore/Release/libArduinoCore.a(Print.o)
 .text._ZN5Print5printERK6String
                0x0000000000000000       0x1c /home/dalmir/work/arduino/ArduinoCore/Release/libArduinoCore.a(Print.o)
 .text._ZN5Print5printEPKc
                0x0000000000000000        0x4 /home/dalmir/work/arduino/ArduinoCore/Release/libArduinoCore.a(Print.o)
 .text._ZN5Print5printEc
                0x0000000000000000        0xe /home/dalmir/work/arduino/ArduinoCore/Release/libArduinoCore.a(Print.o)
 .text._ZN5Print5printERK9Printable
                0x0000000000000000       0x14 /home/dalmir/work/arduino/ArduinoCore/Release/libArduinoCore.a(Print.o)
 .rodata.str1.1
                0x0000000000000000        0xf /home/dalmir/work/arduino/ArduinoCore/Release/libArduinoCore.a(Print.o)
 .text._ZN5Print7printlnEv
                0x0000000000000000        0x8 /home/dalmir/work/arduino/ArduinoCore/Release/libArduinoCore.a(Print.o)
 .text._ZN5Print7printlnEPK19__FlashStringHelper
                0x0000000000000000       0x24 /home/dalmir/work/arduino/ArduinoCore/Release/libArduinoCore.a(Print.o)
 .text._ZN5Print7printlnERK6String
                0x0000000000000000       0x24 /home/dalmir/work/arduino/ArduinoCore/Release/libArduinoCore.a(Print.o)
 .text._ZN5Print7printlnEPKc
                0x0000000000000000       0x24 /home/dalmir/work/arduino/ArduinoCore/Release/libArduinoCore.a(Print.o)
 .text._ZN5Print7printlnEc
                0x0000000000000000       0x24 /home/dalmir/work/arduino/ArduinoCore/Release/libArduinoCore.a(Print.o)
 .text._ZN5Print7printlnERK9Printable
                0x0000000000000000       0x24 /home/dalmir/work/arduino/ArduinoCore/Release/libArduinoCore.a(Print.o)
 .text._ZN5Print11printNumberEmh
                0x0000000000000000       0x9e /home/dalmir/work/arduino/ArduinoCore/Release/libArduinoCore.a(Print.o)
 .text._ZN5Print5printEli
                0x0000000000000000       0x94 /home/dalmir/work/arduino/ArduinoCore/Release/libArduinoCore.a(Print.o)
 .text._ZN5Print5printEii
                0x0000000000000000       0x10 /home/dalmir/work/arduino/ArduinoCore/Release/libArduinoCore.a(Print.o)
 .text._ZN5Print7printlnEii
                0x0000000000000000       0x30 /home/dalmir/work/arduino/ArduinoCore/Release/libArduinoCore.a(Print.o)
 .text._ZN5Print7printlnEli
                0x0000000000000000       0x24 /home/dalmir/work/arduino/ArduinoCore/Release/libArduinoCore.a(Print.o)
 .text._ZN5Print5printEmi
                0x0000000000000000        0xe /home/dalmir/work/arduino/ArduinoCore/Release/libArduinoCore.a(Print.o)
 .text._ZN5Print5printEhi
                0x0000000000000000        0xe /home/dalmir/work/arduino/ArduinoCore/Release/libArduinoCore.a(Print.o)
 .text._ZN5Print7printlnEhi
                0x0000000000000000       0x2e /home/dalmir/work/arduino/ArduinoCore/Release/libArduinoCore.a(Print.o)
 .text._ZN5Print5printEji
                0x0000000000000000        0xc /home/dalmir/work/arduino/ArduinoCore/Release/libArduinoCore.a(Print.o)
 .text._ZN5Print7printlnEji
                0x0000000000000000       0x2c /home/dalmir/work/arduino/ArduinoCore/Release/libArduinoCore.a(Print.o)
 .text._ZN5Print7printlnEmi
                0x0000000000000000       0x24 /home/dalmir/work/arduino/ArduinoCore/Release/libArduinoCore.a(Print.o)
 .text._ZN5Print10printFloatEdh
                0x0000000000000000      0x1ba /home/dalmir/work/arduino/ArduinoCore/Release/libArduinoCore.a(Print.o)
 .text._ZN5Print5printEdi
                0x0000000000000000        0x4 /home/dalmir/work/arduino/ArduinoCore/Release/libArduinoCore.a(Print.o)
 .text._ZN5Print7printlnEdi
                0x0000000000000000       0x24 /home/dalmir/work/arduino/ArduinoCore/Release/libArduinoCore.a(Print.o)
 .rodata._ZTV5Print
                0x0000000000000000        0xc /home/dalmir/work/arduino/ArduinoCore/Release/libArduinoCore.a(Print.o)
 .text          0x0000000000000000        0x0 /home/dalmir/work/arduino/ArduinoCore/Release/libArduinoCore.a(abi.o)
 .bss           0x0000000000000000        0x0 /home/dalmir/work/arduino/ArduinoCore/Release/libArduinoCore.a(abi.o)
 .text.__cxa_pure_virtual
                0x0000000000000000        0x4 /home/dalmir/work/arduino/ArduinoCore/Release/libArduinoCore.a(abi.o)
 .text.__cxa_deleted_virtual
                0x0000000000000000        0x4 /home/dalmir/work/arduino/ArduinoCore/Release/libArduinoCore.a(abi.o)
 .text          0x0000000000000000        0x0 /home/dalmir/work/arduino/ArduinoCore/Release/libArduinoCore.a(wiring.o)
 .bss           0x0000000000000000        0x0 /home/dalmir/work/arduino/ArduinoCore/Release/libArduinoCore.a(wiring.o)
 .text.micros   0x0000000000000000       0x46 /home/dalmir/work/arduino/ArduinoCore/Release/libArduinoCore.a(wiring.o)
 .text.delay    0x0000000000000000       0x74 /home/dalmir/work/arduino/ArduinoCore/Release/libArduinoCore.a(wiring.o)
 .text          0x0000000000000000        0x0 /home/dalmir/work/arduino/ArduinoCore/Release/libArduinoCore.a(wiring_digital.o)
 .bss           0x0000000000000000        0x0 /home/dalmir/work/arduino/ArduinoCore/Release/libArduinoCore.a(wiring_digital.o)
 .text.digitalRead
                0x0000000000000000       0x52 /home/dalmir/work/arduino/ArduinoCore/Release/libArduinoCore.a(wiring_digital.o)
 .text          0x0000000000000000        0x0 /home/dalmir/work/arduino/ArduinoCore/Release/libArduinoCore.a(wiring_pulse.o)
 .bss           0x0000000000000000        0x0 /home/dalmir/work/arduino/ArduinoCore/Release/libArduinoCore.a(wiring_pulse.o)
 .text.pulseInLong
                0x0000000000000000      0x14e /home/dalmir/work/arduino/ArduinoCore/Release/libArduinoCore.a(wiring_pulse.o)
 .group         0x0000000000000000        0x8 /home/dalmir/work/arduino/ArduinoCore/Release/libArduinoCore.a(HardwareSerial.o)
 .text          0x0000000000000000        0x0 /home/dalmir/work/arduino/ArduinoCore/Release/libArduinoCore.a(HardwareSerial.o)
 .bss           0x0000000000000000        0x0 /home/dalmir/work/arduino/ArduinoCore/Release/libArduinoCore.a(HardwareSerial.o)
 .text._Z14serialEventRunv
                0x0000000000000000       0x1c /home/dalmir/work/arduino/ArduinoCore/Release/libArduinoCore.a(HardwareSerial.o)
 .text._ZN14HardwareSerial5beginEmh
                0x0000000000000000       0xc4 /home/dalmir/work/arduino/ArduinoCore/Release/libArduinoCore.a(HardwareSerial.o)
 .text._ZN14HardwareSerial3endEv
                0x0000000000000000       0x44 /home/dalmir/work/arduino/ArduinoCore/Release/libArduinoCore.a(HardwareSerial.o)
 .text          0x0000000000000000        0x0 /home/dalmir/work/arduino/ArduinoCore/Release/libArduinoCore.a(hooks.o)
 .bss           0x0000000000000000        0x0 /home/dalmir/work/arduino/ArduinoCore/Release/libArduinoCore.a(hooks.o)
 .text.__empty  0x0000000000000000        0x2 /home/dalmir/work/arduino/ArduinoCore/Release/libArduinoCore.a(hooks.o)
 .text          0x0000000000000000        0x0 /usr/lib/gcc/avr/4.8.1/avr5/libgcc.a(_udivmodsi4.o)
 .bss           0x0000000000000000        0x0 /usr/lib/gcc/avr/4.8.1/avr5/libgcc.a(_udivmodsi4.o)
 .text.libgcc.mul
                0x0000000000000000        0x0 /usr/lib/gcc/avr/4.8.1/avr5/libgcc.a(_udivmodsi4.o)
 .text.libgcc.div
                0x0000000000000000       0x44 /usr/lib/gcc/avr/4.8.1/avr5/libgcc.a(_udivmodsi4.o)
 .text.libgcc   0x0000000000000000        0x0 /usr/lib/gcc/avr/4.8.1/avr5/libgcc.a(_udivmodsi4.o)
 .text.libgcc.prologue
                0x0000000000000000        0x0 /usr/lib/gcc/avr/4.8.1/avr5/libgcc.a(_udivmodsi4.o)
 .text.libgcc.builtins
                0x0000000000000000        0x0 /usr/lib/gcc/avr/4.8.1/avr5/libgcc.a(_udivmodsi4.o)
 .text.libgcc.fmul
                0x0000000000000000        0x0 /usr/lib/gcc/avr/4.8.1/avr5/libgcc.a(_udivmodsi4.o)
 .text.libgcc.fixed
                0x0000000000000000        0x0 /usr/lib/gcc/avr/4.8.1/avr5/libgcc.a(_udivmodsi4.o)
 .text          0x0000000000000000        0x0 /usr/lib/gcc/avr/4.8.1/avr5/libgcc.a(_exit.o)
 .bss           0x0000000000000000        0x0 /usr/lib/gcc/avr/4.8.1/avr5/libgcc.a(_exit.o)
 .text.libgcc.mul
                0x0000000000000000        0x0 /usr/lib/gcc/avr/4.8.1/avr5/libgcc.a(_exit.o)
 .text.libgcc.div
                0x0000000000000000        0x0 /usr/lib/gcc/avr/4.8.1/avr5/libgcc.a(_exit.o)
 .text.libgcc   0x0000000000000000        0x0 /usr/lib/gcc/avr/4.8.1/avr5/libgcc.a(_exit.o)
 .text.libgcc.prologue
                0x0000000000000000        0x0 /usr/lib/gcc/avr/4.8.1/avr5/libgcc.a(_exit.o)
 .text.libgcc.builtins
                0x0000000000000000        0x0 /usr/lib/gcc/avr/4.8.1/avr5/libgcc.a(_exit.o)
 .text.libgcc.fmul
                0x0000000000000000        0x0 /usr/lib/gcc/avr/4.8.1/avr5/libgcc.a(_exit.o)
 .text.libgcc.fixed
                0x0000000000000000        0x0 /usr/lib/gcc/avr/4.8.1/avr5/libgcc.a(_exit.o)
 .text          0x0000000000000000        0x0 /usr/lib/gcc/avr/4.8.1/avr5/libgcc.a(_copy_data.o)
 .bss           0x0000000000000000        0x0 /usr/lib/gcc/avr/4.8.1/avr5/libgcc.a(_copy_data.o)
 .text.libgcc.mul
                0x0000000000000000        0x0 /usr/lib/gcc/avr/4.8.1/avr5/libgcc.a(_copy_data.o)
 .text.libgcc.div
                0x0000000000000000        0x0 /usr/lib/gcc/avr/4.8.1/avr5/libgcc.a(_copy_data.o)
 .text.libgcc   0x0000000000000000        0x0 /usr/lib/gcc/avr/4.8.1/avr5/libgcc.a(_copy_data.o)
 .text.libgcc.prologue
                0x0000000000000000        0x0 /usr/lib/gcc/avr/4.8.1/avr5/libgcc.a(_copy_data.o)
 .text.libgcc.builtins
                0x0000000000000000        0x0 /usr/lib/gcc/avr/4.8.1/avr5/libgcc.a(_copy_data.o)
 .text.libgcc.fmul
                0x0000000000000000        0x0 /usr/lib/gcc/avr/4.8.1/avr5/libgcc.a(_copy_data.o)
 .text.libgcc.fixed
                0x0000000000000000        0x0 /usr/lib/gcc/avr/4.8.1/avr5/libgcc.a(_copy_data.o)
 .text          0x0000000000000000        0x0 /usr/lib/gcc/avr/4.8.1/avr5/libgcc.a(_clear_bss.o)
 .bss           0x0000000000000000        0x0 /usr/lib/gcc/avr/4.8.1/avr5/libgcc.a(_clear_bss.o)
 .text.libgcc.mul
                0x0000000000000000        0x0 /usr/lib/gcc/avr/4.8.1/avr5/libgcc.a(_clear_bss.o)
 .text.libgcc.div
                0x0000000000000000        0x0 /usr/lib/gcc/avr/4.8.1/avr5/libgcc.a(_clear_bss.o)
 .text.libgcc   0x0000000000000000        0x0 /usr/lib/gcc/avr/4.8.1/avr5/libgcc.a(_clear_bss.o)
 .text.libgcc.prologue
                0x0000000000000000        0x0 /usr/lib/gcc/avr/4.8.1/avr5/libgcc.a(_clear_bss.o)
 .text.libgcc.builtins
                0x0000000000000000        0x0 /usr/lib/gcc/avr/4.8.1/avr5/libgcc.a(_clear_bss.o)
 .text.libgcc.fmul
                0x0000000000000000        0x0 /usr/lib/gcc/avr/4.8.1/avr5/libgcc.a(_clear_bss.o)
 .text.libgcc.fixed
                0x0000000000000000        0x0 /usr/lib/gcc/avr/4.8.1/avr5/libgcc.a(_clear_bss.o)
 .text          0x0000000000000000        0x0 /usr/lib/gcc/avr/4.8.1/avr5/libgcc.a(_ctors.o)
 .bss           0x0000000000000000        0x0 /usr/lib/gcc/avr/4.8.1/avr5/libgcc.a(_ctors.o)
 .text.libgcc.mul
                0x0000000000000000        0x0 /usr/lib/gcc/avr/4.8.1/avr5/libgcc.a(_ctors.o)
 .text.libgcc.div
                0x0000000000000000        0x0 /usr/lib/gcc/avr/4.8.1/avr5/libgcc.a(_ctors.o)
 .text.libgcc   0x0000000000000000        0x0 /usr/lib/gcc/avr/4.8.1/avr5/libgcc.a(_ctors.o)
 .text.libgcc.prologue
                0x0000000000000000        0x0 /usr/lib/gcc/avr/4.8.1/avr5/libgcc.a(_ctors.o)
 .text.libgcc.builtins
                0x0000000000000000        0x0 /usr/lib/gcc/avr/4.8.1/avr5/libgcc.a(_ctors.o)
 .text.libgcc.fmul
                0x0000000000000000        0x0 /usr/lib/gcc/avr/4.8.1/avr5/libgcc.a(_ctors.o)
 .text.libgcc.fixed
                0x0000000000000000        0x0 /usr/lib/gcc/avr/4.8.1/avr5/libgcc.a(_ctors.o)
 .text          0x0000000000000000        0x0 /usr/lib/gcc/avr/4.8.1/avr5/libgcc.a(_tablejump.o)
 .bss           0x0000000000000000        0x0 /usr/lib/gcc/avr/4.8.1/avr5/libgcc.a(_tablejump.o)
 .text.libgcc.mul
                0x0000000000000000        0x0 /usr/lib/gcc/avr/4.8.1/avr5/libgcc.a(_tablejump.o)
 .text.libgcc.div
                0x0000000000000000        0x0 /usr/lib/gcc/avr/4.8.1/avr5/libgcc.a(_tablejump.o)
 .text.libgcc.prologue
                0x0000000000000000        0x0 /usr/lib/gcc/avr/4.8.1/avr5/libgcc.a(_tablejump.o)
 .text.libgcc.builtins
                0x0000000000000000        0x0 /usr/lib/gcc/avr/4.8.1/avr5/libgcc.a(_tablejump.o)
 .text.libgcc.fmul
                0x0000000000000000        0x0 /usr/lib/gcc/avr/4.8.1/avr5/libgcc.a(_tablejump.o)
 .text.libgcc.fixed
                0x0000000000000000        0x0 /usr/lib/gcc/avr/4.8.1/avr5/libgcc.a(_tablejump.o)
 .text          0x0000000000000000        0x0 /usr/lib/gcc/avr/4.8.1/../../../avr/lib/avr5/libm.a(addsf3.o)
 .bss           0x0000000000000000        0x0 /usr/lib/gcc/avr/4.8.1/../../../avr/lib/avr5/libm.a(addsf3.o)
 .text.avr-libc.fplib
                0x0000000000000000        0xa /usr/lib/gcc/avr/4.8.1/../../../avr/lib/avr5/libm.a(addsf3.o)
 .text          0x0000000000000000        0x0 /usr/lib/gcc/avr/4.8.1/../../../avr/lib/avr5/libm.a(addsf3x.o)
 .bss           0x0000000000000000        0x0 /usr/lib/gcc/avr/4.8.1/../../../avr/lib/avr5/libm.a(addsf3x.o)
 .text.avr-libc.fplib
                0x0000000000000000       0xc0 /usr/lib/gcc/avr/4.8.1/../../../avr/lib/avr5/libm.a(addsf3x.o)
 .text          0x0000000000000000        0x0 /usr/lib/gcc/avr/4.8.1/../../../avr/lib/avr5/libm.a(cmpsf2.o)
 .bss           0x0000000000000000        0x0 /usr/lib/gcc/avr/4.8.1/../../../avr/lib/avr5/libm.a(cmpsf2.o)
 .text.avr-libc.fplib
                0x0000000000000000        0x8 /usr/lib/gcc/avr/4.8.1/../../../avr/lib/avr5/libm.a(cmpsf2.o)
 .text          0x0000000000000000        0x0 /usr/lib/gcc/avr/4.8.1/../../../avr/lib/avr5/libm.a(divsf3.o)
 .bss           0x0000000000000000        0x0 /usr/lib/gcc/avr/4.8.1/../../../avr/lib/avr5/libm.a(divsf3.o)
 .text          0x0000000000000000        0x0 /usr/lib/gcc/avr/4.8.1/../../../avr/lib/avr5/libm.a(divsf3x.o)
 .bss           0x0000000000000000        0x0 /usr/lib/gcc/avr/4.8.1/../../../avr/lib/avr5/libm.a(divsf3x.o)
 .text          0x0000000000000000        0x0 /usr/lib/gcc/avr/4.8.1/../../../avr/lib/avr5/libm.a(fixunssfsi.o)
 .bss           0x0000000000000000        0x0 /usr/lib/gcc/avr/4.8.1/../../../avr/lib/avr5/libm.a(fixunssfsi.o)
 .text.avr-libc.fplib
                0x0000000000000000       0x58 /usr/lib/gcc/avr/4.8.1/../../../avr/lib/avr5/libm.a(fixunssfsi.o)
 .text          0x0000000000000000        0x0 /usr/lib/gcc/avr/4.8.1/../../../avr/lib/avr5/libm.a(floatsisf.o)
 .bss           0x0000000000000000        0x0 /usr/lib/gcc/avr/4.8.1/../../../avr/lib/avr5/libm.a(floatsisf.o)
 .text          0x0000000000000000        0x0 /usr/lib/gcc/avr/4.8.1/../../../avr/lib/avr5/libm.a(fp_cmp.o)
 .bss           0x0000000000000000        0x0 /usr/lib/gcc/avr/4.8.1/../../../avr/lib/avr5/libm.a(fp_cmp.o)
 .text          0x0000000000000000        0x0 /usr/lib/gcc/avr/4.8.1/../../../avr/lib/avr5/libm.a(fp_inf.o)
 .bss           0x0000000000000000        0x0 /usr/lib/gcc/avr/4.8.1/../../../avr/lib/avr5/libm.a(fp_inf.o)
 .text          0x0000000000000000        0x0 /usr/lib/gcc/avr/4.8.1/../../../avr/lib/avr5/libm.a(fp_nan.o)
 .bss           0x0000000000000000        0x0 /usr/lib/gcc/avr/4.8.1/../../../avr/lib/avr5/libm.a(fp_nan.o)
 .text          0x0000000000000000        0x0 /usr/lib/gcc/avr/4.8.1/../../../avr/lib/avr5/libm.a(fp_pscA.o)
 .bss           0x0000000000000000        0x0 /usr/lib/gcc/avr/4.8.1/../../../avr/lib/avr5/libm.a(fp_pscA.o)
 .text          0x0000000000000000        0x0 /usr/lib/gcc/avr/4.8.1/../../../avr/lib/avr5/libm.a(fp_pscB.o)
 .bss           0x0000000000000000        0x0 /usr/lib/gcc/avr/4.8.1/../../../avr/lib/avr5/libm.a(fp_pscB.o)
 .text          0x0000000000000000        0x0 /usr/lib/gcc/avr/4.8.1/../../../avr/lib/avr5/libm.a(fp_round.o)
 .bss           0x0000000000000000        0x0 /usr/lib/gcc/avr/4.8.1/../../../avr/lib/avr5/libm.a(fp_round.o)
 .text          0x0000000000000000        0x0 /usr/lib/gcc/avr/4.8.1/../../../avr/lib/avr5/libm.a(fp_split3.o)
 .bss           0x0000000000000000        0x0 /usr/lib/gcc/avr/4.8.1/../../../avr/lib/avr5/libm.a(fp_split3.o)
 .text          0x0000000000000000        0x0 /usr/lib/gcc/avr/4.8.1/../../../avr/lib/avr5/libm.a(fp_zero.o)
 .bss           0x0000000000000000        0x0 /usr/lib/gcc/avr/4.8.1/../../../avr/lib/avr5/libm.a(fp_zero.o)
 .text          0x0000000000000000        0x0 /usr/lib/gcc/avr/4.8.1/../../../avr/lib/avr5/libm.a(gesf2.o)
 .bss           0x0000000000000000        0x0 /usr/lib/gcc/avr/4.8.1/../../../avr/lib/avr5/libm.a(gesf2.o)
 .text          0x0000000000000000        0x0 /usr/lib/gcc/avr/4.8.1/../../../avr/lib/avr5/libm.a(mulsf3.o)
 .bss           0x0000000000000000        0x0 /usr/lib/gcc/avr/4.8.1/../../../avr/lib/avr5/libm.a(mulsf3.o)
 .text.avr-libc.fplib
                0x0000000000000000        0x4 /usr/lib/gcc/avr/4.8.1/../../../avr/lib/avr5/libm.a(mulsf3.o)
 .text          0x0000000000000000        0x0 /usr/lib/gcc/avr/4.8.1/../../../avr/lib/avr5/libm.a(mulsf3x.o)
 .bss           0x0000000000000000        0x0 /usr/lib/gcc/avr/4.8.1/../../../avr/lib/avr5/libm.a(mulsf3x.o)
 .text.avr-libc.fplib
                0x0000000000000000       0xc2 /usr/lib/gcc/avr/4.8.1/../../../avr/lib/avr5/libm.a(mulsf3x.o)
 .text          0x0000000000000000        0x0 /usr/lib/gcc/avr/4.8.1/../../../avr/lib/avr5/libm.a(unordsf2.o)
 .bss           0x0000000000000000        0x0 /usr/lib/gcc/avr/4.8.1/../../../avr/lib/avr5/libm.a(unordsf2.o)
 .text.avr-libc.fplib
                0x0000000000000000        0x8 /usr/lib/gcc/avr/4.8.1/../../../avr/lib/avr5/libm.a(unordsf2.o)
 .text          0x0000000000000000        0x0 /usr/lib/gcc/avr/4.8.1/../../../avr/lib/avr5/libc.a(abort.o)
 .bss           0x0000000000000000        0x0 /usr/lib/gcc/avr/4.8.1/../../../avr/lib/avr5/libc.a(abort.o)
 .text.avr-libc
                0x0000000000000000        0xa /usr/lib/gcc/avr/4.8.1/../../../avr/lib/avr5/libc.a(abort.o)

Memory Configuration

Name             Origin             Length             Attributes
text             0x0000000000000000 0x0000000000020000 xr
data             0x0000000000800060 0x000000000000ffa0 rw !x
eeprom           0x0000000000810000 0x0000000000010000 rw !x
fuse             0x0000000000820000 0x0000000000000400 rw !x
lock             0x0000000000830000 0x0000000000000400 rw !x
signature        0x0000000000840000 0x0000000000000400 rw !x
user_signatures  0x0000000000850000 0x0000000000000400 rw !x
*default*        0x0000000000000000 0xffffffffffffffff

Linker script and memory map

Address of section .data set to 0x800100
LOAD /usr/lib/gcc/avr/4.8.1/../../../avr/lib/avr5/crtm328p.o
LOAD ./main.o
LOAD /tmp/ccF3ZNSQ.o
LOAD /home/dalmir/work/arduino/ArduinoLibraries/ArduinoDistanceDriver/Release/libArduinoDistanceDriver.a
LOAD /home/dalmir/work/arduino/ArduinoCore/Release/libArduinoCore.a
LOAD /usr/lib/gcc/avr/4.8.1/avr5/libgcc.a
LOAD /usr/lib/gcc/avr/4.8.1/../../../avr/lib/avr5/libm.a
START GROUP
LOAD /usr/lib/gcc/avr/4.8.1/avr5/libgcc.a
LOAD /usr/lib/gcc/avr/4.8.1/../../../avr/lib/avr5/libm.a
LOAD /usr/lib/gcc/avr/4.8.1/../../../avr/lib/avr5/libc.a
END GROUP

.hash
 *(.hash)

.dynsym
 *(.dynsym)

.dynstr
 *(.dynstr)

.gnu.version
 *(.gnu.version)

.gnu.version_d
 *(.gnu.version_d)

.gnu.version_r
 *(.gnu.version_r)

.rel.init
 *(.rel.init)

.rela.init
 *(.rela.init)

.rel.text
 *(.rel.text)
 *(.rel.text.*)
 *(.rel.gnu.linkonce.t*)

.rela.text
 *(.rela.text)
 *(.rela.text.*)
 *(.rela.gnu.linkonce.t*)

.rel.fini
 *(.rel.fini)

.rela.fini
 *(.rela.fini)

.rel.rodata
 *(.rel.rodata)
 *(.rel.rodata.*)
 *(.rel.gnu.linkonce.r*)

.rela.rodata
 *(.rela.rodata)
 *(.rela.rodata.*)
 *(.rela.gnu.linkonce.r*)

.rel.data
 *(.rel.data)
 *(.rel.data.*)
 *(.rel.gnu.linkonce.d*)

.rela.data
 *(.rela.data)
 *(.rela.data.*)
 *(.rela.gnu.linkonce.d*)

.rel.ctors
 *(.rel.ctors)

.rela.ctors
 *(.rela.ctors)

.rel.dtors
 *(.rel.dtors)

.rela.dtors
 *(.rela.dtors)

.rel.got
 *(.rel.got)

.rela.got
 *(.rela.got)

.rel.bss
 *(.rel.bss)

.rela.bss
 *(.rela.bss)

.rel.plt
 *(.rel.plt)

.rela.plt
 *(.rela.plt)

.text           0x0000000000000000      0xafa
 *(.vectors)
 .vectors       0x0000000000000000       0x68 /usr/lib/gcc/avr/4.8.1/../../../avr/lib/avr5/crtm328p.o
                0x0000000000000000                __vectors
                0x0000000000000000                __vector_default
 *(.vectors)
 *(.progmem.gcc*)
                0x0000000000000068                . = ALIGN (0x2)
                0x0000000000000068                __trampolines_start = .
 *(.trampolines)
 .trampolines   0x0000000000000068        0x0 linker stubs
 *(.trampolines*)
                0x0000000000000068                __trampolines_end = .
 *(.progmem*)
 .progmem.data.digital_pin_to_timer_PGM
                0x0000000000000068       0x14 /home/dalmir/work/arduino/ArduinoCore/Release/libArduinoCore.a(wiring_digital.o)
                0x0000000000000068                digital_pin_to_timer_PGM
 .progmem.data.digital_pin_to_bit_mask_PGM
                0x000000000000007c       0x14 /home/dalmir/work/arduino/ArduinoCore/Release/libArduinoCore.a(wiring_digital.o)
                0x000000000000007c                digital_pin_to_bit_mask_PGM
 .progmem.data.digital_pin_to_port_PGM
                0x0000000000000090       0x14 /home/dalmir/work/arduino/ArduinoCore/Release/libArduinoCore.a(wiring_digital.o)
                0x0000000000000090                digital_pin_to_port_PGM
 .progmem.data.port_to_input_PGM
                0x00000000000000a4        0xa /home/dalmir/work/arduino/ArduinoCore/Release/libArduinoCore.a(wiring_digital.o)
                0x00000000000000a4                port_to_input_PGM
 .progmem.data.port_to_output_PGM
                0x00000000000000ae        0xa /home/dalmir/work/arduino/ArduinoCore/Release/libArduinoCore.a(wiring_digital.o)
                0x00000000000000ae                port_to_output_PGM
 .progmem.data.port_to_mode_PGM
                0x00000000000000b8        0xa /home/dalmir/work/arduino/ArduinoCore/Release/libArduinoCore.a(wiring_digital.o)
                0x00000000000000b8                port_to_mode_PGM
                0x00000000000000c2                . = ALIGN (0x2)
 *(.jumptables)
 *(.jumptables*)
 *(.lowtext)
 *(.lowtext*)
                0x00000000000000c2                __ctors_start = .
 *(.ctors)
 .ctors         0x00000000000000c2        0x2 ./main.o
 .ctors         0x00000000000000c4        0x2 /home/dalmir/work/arduino/ArduinoCore/Release/libArduinoCore.a(HardwareSerial0.o)
                0x00000000000000c6                __ctors_end = .
                0x00000000000000c6                __dtors_start = .
 *(.dtors)
                0x00000000000000c6                __dtors_end = .
 SORT(*)(.ctors)
 SORT(*)(.dtors)
 *(.init0)
 .init0         0x00000000000000c6        0x0 /usr/lib/gcc/avr/4.8.1/../../../avr/lib/avr5/crtm328p.o
                0x00000000000000c6                __init
 *(.init0)
 *(.init1)
 *(.init1)
 *(.init2)
 .init2         0x00000000000000c6        0xc /usr/lib/gcc/avr/4.8.1/../../../avr/lib/avr5/crtm328p.o
 *(.init2)
 *(.init3)
 *(.init3)
 *(.init4)
 .init4         0x00000000000000d2       0x16 /usr/lib/gcc/avr/4.8.1/avr5/libgcc.a(_copy_data.o)
                0x00000000000000d2                __do_copy_data
 .init4         0x00000000000000e8       0x10 /usr/lib/gcc/avr/4.8.1/avr5/libgcc.a(_clear_bss.o)
                0x00000000000000e8                __do_clear_bss
 *(.init4)
 *(.init5)
 *(.init5)
 *(.init6)
 .init6         0x00000000000000f8       0x14 /usr/lib/gcc/avr/4.8.1/avr5/libgcc.a(_ctors.o)
                0x00000000000000f8                __do_global_ctors
 *(.init6)
 *(.init7)
 *(.init7)
 *(.init8)
 *(.init8)
 *(.init9)
 .init9         0x000000000000010c        0x4 /usr/lib/gcc/avr/4.8.1/../../../avr/lib/avr5/crtm328p.o
 *(.init9)
 *(.text)
 .text          0x0000000000000110        0x2 /usr/lib/gcc/avr/4.8.1/../../../avr/lib/avr5/crtm328p.o
                0x0000000000000110                __vector_22
                0x0000000000000110                __vector_1
                0x0000000000000110                __vector_24
                0x0000000000000110                __vector_12
                0x0000000000000110                __bad_interrupt
                0x0000000000000110                __vector_6
                0x0000000000000110                __vector_3
                0x0000000000000110                __vector_23
                0x0000000000000110                __vector_25
                0x0000000000000110                __vector_11
                0x0000000000000110                __vector_13
                0x0000000000000110                __vector_17
                0x0000000000000110                __vector_7
                0x0000000000000110                __vector_5
                0x0000000000000110                __vector_4
                0x0000000000000110                __vector_9
                0x0000000000000110                __vector_2
                0x0000000000000110                __vector_21
                0x0000000000000110                __vector_15
                0x0000000000000110                __vector_8
                0x0000000000000110                __vector_14
                0x0000000000000110                __vector_10
                0x0000000000000110                __vector_20
 .text          0x0000000000000112       0x8a /tmp/ccF3ZNSQ.o
                0x0000000000000112                countPulseASM
                0x000000000000019c                . = ALIGN (0x2)
 *(.text.*)
 .text.setup    0x000000000000019c       0x82 ./main.o
                0x000000000000019c                setup
 .text.startup.main
                0x000000000000021e        0x4 ./main.o
                0x000000000000021e                main
 .text.startup._GLOBAL__sub_I_sensor
                0x0000000000000222        0xa ./main.o
 .text._ZN24UltrasoundDistanceSensorC2Ehh
                0x000000000000022c       0x2e /home/dalmir/work/arduino/ArduinoLibraries/ArduinoDistanceDriver/Release/libArduinoDistanceDriver.a(UltrasoundDistanceSensor.o)
                0x000000000000022c                _ZN24UltrasoundDistanceSensorC2Ehh
                0x000000000000022c                _ZN24UltrasoundDistanceSensorC1Ehh
 .text._ZN24UltrasoundDistanceSensor11getEchoTimeEv
                0x000000000000025a       0x34 /home/dalmir/work/arduino/ArduinoLibraries/ArduinoDistanceDriver/Release/libArduinoDistanceDriver.a(UltrasoundDistanceSensor.o)
                0x000000000000025a                _ZN24UltrasoundDistanceSensor11getEchoTimeEv
 .text._ZN24UltrasoundDistanceSensor11getDistanceEv
                0x000000000000028e        0xe /home/dalmir/work/arduino/ArduinoLibraries/ArduinoDistanceDriver/Release/libArduinoDistanceDriver.a(UltrasoundDistanceSensor.o)
                0x000000000000028e                _ZN24UltrasoundDistanceSensor11getDistanceEv
 .text.__vector_18
                0x000000000000029c       0x64 /home/dalmir/work/arduino/ArduinoCore/Release/libArduinoCore.a(HardwareSerial0.o)
                0x000000000000029c                __vector_18
 .text.__vector_19
                0x0000000000000300       0x4a /home/dalmir/work/arduino/ArduinoCore/Release/libArduinoCore.a(HardwareSerial0.o)
                0x0000000000000300                __vector_19
 .text.startup._GLOBAL__sub_I___vector_18
                0x000000000000034a       0x86 /home/dalmir/work/arduino/ArduinoCore/Release/libArduinoCore.a(HardwareSerial0.o)
 .text._ZN5Print5writeEPKhj
                0x00000000000003d0       0x50 /home/dalmir/work/arduino/ArduinoCore/Release/libArduinoCore.a(Print.o)
                0x00000000000003d0                _ZN5Print5writeEPKhj
 .text.__vector_16
                0x0000000000000420       0x94 /home/dalmir/work/arduino/ArduinoCore/Release/libArduinoCore.a(wiring.o)
                0x0000000000000420                __vector_16
 .text.millis   0x00000000000004b4       0x18 /home/dalmir/work/arduino/ArduinoCore/Release/libArduinoCore.a(wiring.o)
                0x00000000000004b4                millis
 .text.delayMicroseconds
                0x00000000000004cc       0x16 /home/dalmir/work/arduino/ArduinoCore/Release/libArduinoCore.a(wiring.o)
                0x00000000000004cc                delayMicroseconds
 .text.init     0x00000000000004e2       0x76 /home/dalmir/work/arduino/ArduinoCore/Release/libArduinoCore.a(wiring.o)
                0x00000000000004e2                init
 .text.turnOffPWM
                0x0000000000000558       0x52 /home/dalmir/work/arduino/ArduinoCore/Release/libArduinoCore.a(wiring_digital.o)
 .text.pinMode  0x00000000000005aa       0x72 /home/dalmir/work/arduino/ArduinoCore/Release/libArduinoCore.a(wiring_digital.o)
                0x00000000000005aa                pinMode
 .text.digitalWrite
                0x000000000000061c       0x6a /home/dalmir/work/arduino/ArduinoCore/Release/libArduinoCore.a(wiring_digital.o)
                0x000000000000061c                digitalWrite
 .text.pulseIn  0x0000000000000686       0x56 /home/dalmir/work/arduino/ArduinoCore/Release/libArduinoCore.a(wiring_pulse.o)
                0x0000000000000686                pulseIn
 .text._ZN14HardwareSerial9availableEv
                0x00000000000006dc       0x16 /home/dalmir/work/arduino/ArduinoCore/Release/libArduinoCore.a(HardwareSerial.o)
                0x00000000000006dc                _ZN14HardwareSerial9availableEv
 .text._ZN14HardwareSerial4peekEv
                0x00000000000006f2       0x1c /home/dalmir/work/arduino/ArduinoCore/Release/libArduinoCore.a(HardwareSerial.o)
                0x00000000000006f2                _ZN14HardwareSerial4peekEv
 .text._ZN14HardwareSerial4readEv
                0x000000000000070e       0x28 /home/dalmir/work/arduino/ArduinoCore/Release/libArduinoCore.a(HardwareSerial.o)
                0x000000000000070e                _ZN14HardwareSerial4readEv
 .text._ZN14HardwareSerial17availableForWriteEv
                0x0000000000000736       0x1e /home/dalmir/work/arduino/ArduinoCore/Release/libArduinoCore.a(HardwareSerial.o)
                0x0000000000000736                _ZN14HardwareSerial17availableForWriteEv
 .text._ZN14HardwareSerial17_tx_udr_empty_irqEv
                0x0000000000000754       0x44 /home/dalmir/work/arduino/ArduinoCore/Release/libArduinoCore.a(HardwareSerial.o)
                0x0000000000000754                _ZN14HardwareSerial17_tx_udr_empty_irqEv
 .text._ZN14HardwareSerial5flushEv
                0x0000000000000798       0x42 /home/dalmir/work/arduino/ArduinoCore/Release/libArduinoCore.a(HardwareSerial.o)
                0x0000000000000798                _ZN14HardwareSerial5flushEv
 .text._ZN14HardwareSerial5writeEh
                0x00000000000007da       0xd4 /home/dalmir/work/arduino/ArduinoCore/Release/libArduinoCore.a(HardwareSerial.o)
                0x00000000000007da                _ZN14HardwareSerial5writeEh
 .text.libgcc   0x00000000000008ae        0xc /usr/lib/gcc/avr/4.8.1/avr5/libgcc.a(_tablejump.o)
                0x00000000000008ae                __tablejump2__
                0x00000000000008b2                __tablejump__
 .text.avr-libc.fplib
                0x00000000000008ba        0x4 /usr/lib/gcc/avr/4.8.1/../../../avr/lib/avr5/libm.a(divsf3.o)
                0x00000000000008ba                __divsf3
 .text.avr-libc.fplib
                0x00000000000008be       0xcc /usr/lib/gcc/avr/4.8.1/../../../avr/lib/avr5/libm.a(divsf3x.o)
                0x00000000000008d4                __divsf3x
                0x00000000000008d8                __divsf3_pse
 .text.avr-libc.fplib
                0x000000000000098a       0x7a /usr/lib/gcc/avr/4.8.1/../../../avr/lib/avr5/libm.a(floatsisf.o)
                0x000000000000098a                __floatunsisf
                0x000000000000098e                __floatsisf
 .text.avr-libc.fplib
                0x0000000000000a04       0x48 /usr/lib/gcc/avr/4.8.1/../../../avr/lib/avr5/libm.a(fp_cmp.o)
                0x0000000000000a04                __fp_cmp
 .text.avr-libc.fplib
                0x0000000000000a4c        0xc /usr/lib/gcc/avr/4.8.1/../../../avr/lib/avr5/libm.a(fp_inf.o)
                0x0000000000000a4c                __fp_inf
 .text.avr-libc.fplib
                0x0000000000000a58        0x6 /usr/lib/gcc/avr/4.8.1/../../../avr/lib/avr5/libm.a(fp_nan.o)
                0x0000000000000a58                __fp_nan
 .text.avr-libc.fplib
                0x0000000000000a5e        0xe /usr/lib/gcc/avr/4.8.1/../../../avr/lib/avr5/libm.a(fp_pscA.o)
                0x0000000000000a5e                __fp_pscA
 .text.avr-libc.fplib
                0x0000000000000a6c        0xe /usr/lib/gcc/avr/4.8.1/../../../avr/lib/avr5/libm.a(fp_pscB.o)
                0x0000000000000a6c                __fp_pscB
 .text.avr-libc.fplib
                0x0000000000000a7a       0x22 /usr/lib/gcc/avr/4.8.1/../../../avr/lib/avr5/libm.a(fp_round.o)
                0x0000000000000a7a                __fp_round
 .text.avr-libc.fplib
                0x0000000000000a9c       0x44 /usr/lib/gcc/avr/4.8.1/../../../avr/lib/avr5/libm.a(fp_split3.o)
                0x0000000000000a9c                __fp_split3
                0x0000000000000aac                __fp_splitA
 .text.avr-libc.fplib
                0x0000000000000ae0        0xe /usr/lib/gcc/avr/4.8.1/../../../avr/lib/avr5/libm.a(fp_zero.o)
                0x0000000000000ae0                __fp_zero
                0x0000000000000ae2                __fp_szero
 .text.avr-libc.fplib
                0x0000000000000aee        0x8 /usr/lib/gcc/avr/4.8.1/../../../avr/lib/avr5/libm.a(gesf2.o)
                0x0000000000000aee                __gtsf2
                0x0000000000000aee                __gesf2
                0x0000000000000af6                . = ALIGN (0x2)
 *(.fini9)
 .fini9         0x0000000000000af6        0x0 /usr/lib/gcc/avr/4.8.1/avr5/libgcc.a(_exit.o)
                0x0000000000000af6                exit
                0x0000000000000af6                _exit
 *(.fini9)
 *(.fini8)
 *(.fini8)
 *(.fini7)
 *(.fini7)
 *(.fini6)
 *(.fini6)
 *(.fini5)
 *(.fini5)
 *(.fini4)
 *(.fini4)
 *(.fini3)
 *(.fini3)
 *(.fini2)
 *(.fini2)
 *(.fini1)
 *(.fini1)
 *(.fini0)
 .fini0         0x0000000000000af6        0x4 /usr/lib/gcc/avr/4.8.1/avr5/libgcc.a(_exit.o)
 *(.fini0)
                0x0000000000000afa                _etext = .

.data           0x0000000000800100       0x18 load address 0x0000000000000afa
                0x0000000000800100                PROVIDE (__data_start, .)
 *(.data)
 .data          0x0000000000800100        0x0 /usr/lib/gcc/avr/4.8.1/../../../avr/lib/avr5/crtm328p.o
 .data          0x0000000000800100        0x0 ./main.o
 .data          0x0000000000800100        0x0 /tmp/ccF3ZNSQ.o
 .data          0x0000000000800100        0x0 /home/dalmir/work/arduino/ArduinoLibraries/ArduinoDistanceDriver/Release/libArduinoDistanceDriver.a(UltrasoundDistanceSensor.o)
 .data          0x0000000000800100        0x0 /home/dalmir/work/arduino/ArduinoCore/Release/libArduinoCore.a(HardwareSerial0.o)
 .data          0x0000000000800100        0x0 /home/dalmir/work/arduino/ArduinoCore/Release/libArduinoCore.a(Print.o)
 .data          0x0000000000800100        0x0 /home/dalmir/work/arduino/ArduinoCore/Release/libArduinoCore.a(abi.o)
 .data          0x0000000000800100        0x0 /home/dalmir/work/arduino/ArduinoCore/Release/libArduinoCore.a(wiring.o)
 .data          0x0000000000800100        0x0 /home/dalmir/work/arduino/ArduinoCore/Release/libArduinoCore.a(wiring_digital.o)
 .data          0x0000000000800100        0x0 /home/dalmir/work/arduino/ArduinoCore/Release/libArduinoCore.a(wiring_pulse.o)
 .data          0x0000000000800100        0x0 /home/dalmir/work/arduino/ArduinoCore/Release/libArduinoCore.a(HardwareSerial.o)
 .data          0x0000000000800100        0x0 /home/dalmir/work/arduino/ArduinoCore/Release/libArduinoCore.a(hooks.o)
 .data          0x0000000000800100        0x0 /usr/lib/gcc/avr/4.8.1/avr5/libgcc.a(_udivmodsi4.o)
 .data          0x0000000000800100        0x0 /usr/lib/gcc/avr/4.8.1/avr5/libgcc.a(_exit.o)
 .data          0x0000000000800100        0x0 /usr/lib/gcc/avr/4.8.1/avr5/libgcc.a(_copy_data.o)
 .data          0x0000000000800100        0x0 /usr/lib/gcc/avr/4.8.1/avr5/libgcc.a(_clear_bss.o)
 .data          0x0000000000800100        0x0 /usr/lib/gcc/avr/4.8.1/avr5/libgcc.a(_ctors.o)
 .data          0x0000000000800100        0x0 /usr/lib/gcc/avr/4.8.1/avr5/libgcc.a(_tablejump.o)
 .data          0x0000000000800100        0x0 /usr/lib/gcc/avr/4.8.1/../../../avr/lib/avr5/libm.a(addsf3.o)
 .data          0x0000000000800100        0x0 /usr/lib/gcc/avr/4.8.1/../../../avr/lib/avr5/libm.a(addsf3x.o)
 .data          0x0000000000800100        0x0 /usr/lib/gcc/avr/4.8.1/../../../avr/lib/avr5/libm.a(cmpsf2.o)
 .data          0x0000000000800100        0x0 /usr/lib/gcc/avr/4.8.1/../../../avr/lib/avr5/libm.a(divsf3.o)
 .data          0x0000000000800100        0x0 /usr/lib/gcc/avr/4.8.1/../../../avr/lib/avr5/libm.a(divsf3x.o)
 .data          0x0000000000800100        0x0 /usr/lib/gcc/avr/4.8.1/../../../avr/lib/avr5/libm.a(fixunssfsi.o)
 .data          0x0000000000800100        0x0 /usr/lib/gcc/avr/4.8.1/../../../avr/lib/avr5/libm.a(floatsisf.o)
 .data          0x0000000000800100        0x0 /usr/lib/gcc/avr/4.8.1/../../../avr/lib/avr5/libm.a(fp_cmp.o)
 .data          0x0000000000800100        0x0 /usr/lib/gcc/avr/4.8.1/../../../avr/lib/avr5/libm.a(fp_inf.o)
 .data          0x0000000000800100        0x0 /usr/lib/gcc/avr/4.8.1/../../../avr/lib/avr5/libm.a(fp_nan.o)
 .data          0x0000000000800100        0x0 /usr/lib/gcc/avr/4.8.1/../../../avr/lib/avr5/libm.a(fp_pscA.o)
 .data          0x0000000000800100        0x0 /usr/lib/gcc/avr/4.8.1/../../../avr/lib/avr5/libm.a(fp_pscB.o)
 .data          0x0000000000800100        0x0 /usr/lib/gcc/avr/4.8.1/../../../avr/lib/avr5/libm.a(fp_round.o)
 .data          0x0000000000800100        0x0 /usr/lib/gcc/avr/4.8.1/../../../avr/lib/avr5/libm.a(fp_split3.o)
 .data          0x0000000000800100        0x0 /usr/lib/gcc/avr/4.8.1/../../../avr/lib/avr5/libm.a(fp_zero.o)
 .data          0x0000000000800100        0x0 /usr/lib/gcc/avr/4.8.1/../../../avr/lib/avr5/libm.a(gesf2.o)
 .data          0x0000000000800100        0x0 /usr/lib/gcc/avr/4.8.1/../../../avr/lib/avr5/libm.a(mulsf3.o)
 .data          0x0000000000800100        0x0 /usr/lib/gcc/avr/4.8.1/../../../avr/lib/avr5/libm.a(mulsf3x.o)
 .data          0x0000000000800100        0x0 /usr/lib/gcc/avr/4.8.1/../../../avr/lib/avr5/libm.a(unordsf2.o)
 .data          0x0000000000800100        0x0 /usr/lib/gcc/avr/4.8.1/../../../avr/lib/avr5/libc.a(abort.o)
 *(.data*)
 *(.rodata)
 *(.rodata*)
 .rodata._ZTV24UltrasoundDistanceSensor
                0x0000000000800100        0x6 /home/dalmir/work/arduino/ArduinoLibraries/ArduinoDistanceDriver/Release/libArduinoDistanceDriver.a(UltrasoundDistanceSensor.o)
                0x0000000000800100                _ZTV24UltrasoundDistanceSensor
 .rodata._ZTV14HardwareSerial
                0x0000000000800106       0x12 /home/dalmir/work/arduino/ArduinoCore/Release/libArduinoCore.a(HardwareSerial.o)
                0x0000000000800106                _ZTV14HardwareSerial
 *(.gnu.linkonce.d*)
                0x0000000000800118                . = ALIGN (0x2)
                0x0000000000800118                _edata = .
                0x0000000000800118                PROVIDE (__data_end, .)

.bss            0x0000000000800118       0xaa
                0x0000000000800118                PROVIDE (__bss_start, .)
 *(.bss)
 *(.bss*)
 .bss.sensor    0x0000000000800118        0x4 ./main.o
                0x0000000000800118                sensor
 .bss.Serial    0x000000000080011c       0x9d /home/dalmir/work/arduino/ArduinoCore/Release/libArduinoCore.a(HardwareSerial0.o)
                0x000000000080011c                Serial
 .bss.timer0_fract
                0x00000000008001b9        0x1 /home/dalmir/work/arduino/ArduinoCore/Release/libArduinoCore.a(wiring.o)
 .bss.timer0_millis
                0x00000000008001ba        0x4 /home/dalmir/work/arduino/ArduinoCore/Release/libArduinoCore.a(wiring.o)
                0x00000000008001ba                timer0_millis
 .bss.timer0_overflow_count
                0x00000000008001be        0x4 /home/dalmir/work/arduino/ArduinoCore/Release/libArduinoCore.a(wiring.o)
                0x00000000008001be                timer0_overflow_count
 *(COMMON)
                0x00000000008001c2                PROVIDE (__bss_end, .)
                0x0000000000000afa                __data_load_start = LOADADDR (.data)
                0x0000000000000b12                __data_load_end = (__data_load_start + SIZEOF (.data))

.noinit         0x00000000008001c2        0x0
                0x00000000008001c2                PROVIDE (__noinit_start, .)
 *(.noinit*)
                0x00000000008001c2                PROVIDE (__noinit_end, .)
                0x00000000008001c2                _end = .
                0x00000000008001c2                PROVIDE (__heap_start, .)

.eeprom         0x0000000000810000        0x0
 *(.eeprom*)
                0x0000000000810000                __eeprom_end = .

.fuse
 *(.fuse)
 *(.lfuse)
 *(.hfuse)
 *(.efuse)

.lock
 *(.lock*)

.signature
 *(.signature*)

.user_signatures
 *(.user_signatures*)

.stab
 *(.stab)

.stabstr
 *(.stabstr)

.stab.excl
 *(.stab.excl)

.stab.exclstr
 *(.stab.exclstr)

.stab.index
 *(.stab.index)

.stab.indexstr
 *(.stab.indexstr)

.comment        0x0000000000000000       0x11
 *(.comment)
 .comment       0x0000000000000000       0x11 ./main.o
                                         0x12 (size before relaxing)
 .comment       0x0000000000000000       0x12 /home/dalmir/work/arduino/ArduinoLibraries/ArduinoDistanceDriver/Release/libArduinoDistanceDriver.a(UltrasoundDistanceSensor.o)
 .comment       0x0000000000000000       0x12 /home/dalmir/work/arduino/ArduinoCore/Release/libArduinoCore.a(HardwareSerial0.o)
 .comment       0x0000000000000000       0x12 /home/dalmir/work/arduino/ArduinoCore/Release/libArduinoCore.a(Print.o)
 .comment       0x0000000000000000       0x12 /home/dalmir/work/arduino/ArduinoCore/Release/libArduinoCore.a(abi.o)
 .comment       0x0000000000000000       0x12 /home/dalmir/work/arduino/ArduinoCore/Release/libArduinoCore.a(wiring.o)
 .comment       0x0000000000000000       0x12 /home/dalmir/work/arduino/ArduinoCore/Release/libArduinoCore.a(wiring_digital.o)
 .comment       0x0000000000000000       0x12 /home/dalmir/work/arduino/ArduinoCore/Release/libArduinoCore.a(wiring_pulse.o)
 .comment       0x0000000000000000       0x12 /home/dalmir/work/arduino/ArduinoCore/Release/libArduinoCore.a(HardwareSerial.o)
 .comment       0x0000000000000000       0x12 /home/dalmir/work/arduino/ArduinoCore/Release/libArduinoCore.a(hooks.o)

.note.gnu.build-id
 *(.note.gnu.build-id)

.debug
 *(.debug)

.line
 *(.line)

.debug_srcinfo
 *(.debug_srcinfo)

.debug_sfnames
 *(.debug_sfnames)

.debug_aranges
 *(.debug_aranges)

.debug_pubnames
 *(.debug_pubnames)

.debug_info
 *(.debug_info .gnu.linkonce.wi.*)

.debug_abbrev
 *(.debug_abbrev)

.debug_line
 *(.debug_line .debug_line.* .debug_line_end)

.debug_frame
 *(.debug_frame)

.debug_str
 *(.debug_str)

.debug_loc
 *(.debug_loc)

.debug_macinfo
 *(.debug_macinfo)

.debug_weaknames
 *(.debug_weaknames)

.debug_funcnames
 *(.debug_funcnames)

.debug_typenames
 *(.debug_typenames)

.debug_varnames
 *(.debug_varnames)

.debug_pubtypes
 *(.debug_pubtypes)

.debug_ranges
 *(.debug_ranges)

.debug_macro
 *(.debug_macro)
OUTPUT(ArduinoHalloween.elf elf32-avr)
LOAD linker stubs

Cross Reference Table

Symbol                                            File
HardwareSerial::_tx_udr_empty_irq()               /home/dalmir/work/arduino/ArduinoCore/Release/libArduinoCore.a(HardwareSerial.o)
                                                  /home/dalmir/work/arduino/ArduinoCore/Release/libArduinoCore.a(HardwareSerial0.o)
HardwareSerial::available()                       /home/dalmir/work/arduino/ArduinoCore/Release/libArduinoCore.a(HardwareSerial.o)
                                                  /home/dalmir/work/arduino/ArduinoCore/Release/libArduinoCore.a(HardwareSerial0.o)
HardwareSerial::availableForWrite()               /home/dalmir/work/arduino/ArduinoCore/Release/libArduinoCore.a(HardwareSerial.o)
HardwareSerial::begin(unsigned long, unsigned char) /home/dalmir/work/arduino/ArduinoCore/Release/libArduinoCore.a(HardwareSerial.o)
HardwareSerial::end()                             /home/dalmir/work/arduino/ArduinoCore/Release/libArduinoCore.a(HardwareSerial.o)
HardwareSerial::flush()                           /home/dalmir/work/arduino/ArduinoCore/Release/libArduinoCore.a(HardwareSerial.o)
HardwareSerial::peek()                            /home/dalmir/work/arduino/ArduinoCore/Release/libArduinoCore.a(HardwareSerial.o)
HardwareSerial::read()                            /home/dalmir/work/arduino/ArduinoCore/Release/libArduinoCore.a(HardwareSerial.o)
HardwareSerial::write(unsigned char)              /home/dalmir/work/arduino/ArduinoCore/Release/libArduinoCore.a(HardwareSerial.o)
Print::availableForWrite()                        /home/dalmir/work/arduino/ArduinoCore/Release/libArduinoCore.a(HardwareSerial0.o)
                                                  /home/dalmir/work/arduino/ArduinoCore/Release/libArduinoCore.a(Print.o)
Print::flush()                                    /home/dalmir/work/arduino/ArduinoCore/Release/libArduinoCore.a(HardwareSerial0.o)
                                                  /home/dalmir/work/arduino/ArduinoCore/Release/libArduinoCore.a(Print.o)
Print::print(Printable const&)                    /home/dalmir/work/arduino/ArduinoCore/Release/libArduinoCore.a(Print.o)
Print::print(String const&)                       /home/dalmir/work/arduino/ArduinoCore/Release/libArduinoCore.a(Print.o)
Print::print(__FlashStringHelper const*)          /home/dalmir/work/arduino/ArduinoCore/Release/libArduinoCore.a(Print.o)
Print::print(char const*)                         /home/dalmir/work/arduino/ArduinoCore/Release/libArduinoCore.a(Print.o)
Print::print(char)                                /home/dalmir/work/arduino/ArduinoCore/Release/libArduinoCore.a(Print.o)
Print::print(double, int)                         /home/dalmir/work/arduino/ArduinoCore/Release/libArduinoCore.a(Print.o)
Print::print(int, int)                            /home/dalmir/work/arduino/ArduinoCore/Release/libArduinoCore.a(Print.o)
Print::print(long, int)                           /home/dalmir/work/arduino/ArduinoCore/Release/libArduinoCore.a(Print.o)
Print::print(unsigned char, int)                  /home/dalmir/work/arduino/ArduinoCore/Release/libArduinoCore.a(Print.o)
Print::print(unsigned int, int)                   /home/dalmir/work/arduino/ArduinoCore/Release/libArduinoCore.a(Print.o)
Print::print(unsigned long, int)                  /home/dalmir/work/arduino/ArduinoCore/Release/libArduinoCore.a(Print.o)
Print::printFloat(double, unsigned char)          /home/dalmir/work/arduino/ArduinoCore/Release/libArduinoCore.a(Print.o)
Print::printNumber(unsigned long, unsigned char)  /home/dalmir/work/arduino/ArduinoCore/Release/libArduinoCore.a(Print.o)
Print::println()                                  /home/dalmir/work/arduino/ArduinoCore/Release/libArduinoCore.a(Print.o)
Print::println(Printable const&)                  /home/dalmir/work/arduino/ArduinoCore/Release/libArduinoCore.a(Print.o)
Print::println(String const&)                     /home/dalmir/work/arduino/ArduinoCore/Release/libArduinoCore.a(Print.o)
Print::println(__FlashStringHelper const*)        /home/dalmir/work/arduino/ArduinoCore/Release/libArduinoCore.a(Print.o)
Print::println(char const*)                       /home/dalmir/work/arduino/ArduinoCore/Release/libArduinoCore.a(Print.o)
                                                  ./main.o
Print::println(char)                              /home/dalmir/work/arduino/ArduinoCore/Release/libArduinoCore.a(Print.o)
Print::println(double, int)                       /home/dalmir/work/arduino/ArduinoCore/Release/libArduinoCore.a(Print.o)
                                                  ./main.o
Print::println(int, int)                          /home/dalmir/work/arduino/ArduinoCore/Release/libArduinoCore.a(Print.o)
Print::println(long, int)                         /home/dalmir/work/arduino/ArduinoCore/Release/libArduinoCore.a(Print.o)
Print::println(unsigned char, int)                /home/dalmir/work/arduino/ArduinoCore/Release/libArduinoCore.a(Print.o)
Print::println(unsigned int, int)                 /home/dalmir/work/arduino/ArduinoCore/Release/libArduinoCore.a(Print.o)
Print::println(unsigned long, int)                /home/dalmir/work/arduino/ArduinoCore/Release/libArduinoCore.a(Print.o)
Print::write(char const*)                         /home/dalmir/work/arduino/ArduinoCore/Release/libArduinoCore.a(Print.o)
Print::write(unsigned char const*, unsigned int)  /home/dalmir/work/arduino/ArduinoCore/Release/libArduinoCore.a(Print.o)
                                                  /home/dalmir/work/arduino/ArduinoCore/Release/libArduinoCore.a(HardwareSerial.o)
Serial                                            /home/dalmir/work/arduino/ArduinoCore/Release/libArduinoCore.a(HardwareSerial0.o)
                                                  ./main.o
Serial0_available()                               /home/dalmir/work/arduino/ArduinoCore/Release/libArduinoCore.a(HardwareSerial0.o)
                                                  /home/dalmir/work/arduino/ArduinoCore/Release/libArduinoCore.a(HardwareSerial.o)
UltrasoundDistanceSensor::UltrasoundDistanceSensor(unsigned char, unsigned char) /home/dalmir/work/arduino/ArduinoLibraries/ArduinoDistanceDriver/Release/libArduinoDistanceDriver.a(UltrasoundDistanceSensor.o)
UltrasoundDistanceSensor::UltrasoundDistanceSensor(unsigned char, unsigned char) /home/dalmir/work/arduino/ArduinoLibraries/ArduinoDistanceDriver/Release/libArduinoDistanceDriver.a(UltrasoundDistanceSensor.o)
                                                  ./main.o
UltrasoundDistanceSensor::getDistance()           /home/dalmir/work/arduino/ArduinoLibraries/ArduinoDistanceDriver/Release/libArduinoDistanceDriver.a(UltrasoundDistanceSensor.o)
                                                  ./main.o
UltrasoundDistanceSensor::getEchoTime()           /home/dalmir/work/arduino/ArduinoLibraries/ArduinoDistanceDriver/Release/libArduinoDistanceDriver.a(UltrasoundDistanceSensor.o)
__addsf3                                          /usr/lib/gcc/avr/4.8.1/../../../avr/lib/avr5/libm.a(addsf3.o)
                                                  /home/dalmir/work/arduino/ArduinoCore/Release/libArduinoCore.a(Print.o)
__addsf3x                                         /usr/lib/gcc/avr/4.8.1/../../../avr/lib/avr5/libm.a(addsf3x.o)
                                                  /usr/lib/gcc/avr/4.8.1/../../../avr/lib/avr5/libm.a(addsf3.o)
__bad_interrupt                                   /usr/lib/gcc/avr/4.8.1/../../../avr/lib/avr5/crtm328p.o
__bss_end                                         /usr/lib/gcc/avr/4.8.1/avr5/libgcc.a(_clear_bss.o)
__bss_start                                       /usr/lib/gcc/avr/4.8.1/avr5/libgcc.a(_clear_bss.o)
__cmpsf2                                          /usr/lib/gcc/avr/4.8.1/../../../avr/lib/avr5/libm.a(cmpsf2.o)
__ctors_end                                       /usr/lib/gcc/avr/4.8.1/avr5/libgcc.a(_ctors.o)
__ctors_start                                     /usr/lib/gcc/avr/4.8.1/avr5/libgcc.a(_ctors.o)
__cxa_deleted_virtual                             /home/dalmir/work/arduino/ArduinoCore/Release/libArduinoCore.a(abi.o)
__cxa_pure_virtual                                /home/dalmir/work/arduino/ArduinoCore/Release/libArduinoCore.a(abi.o)
                                                  /home/dalmir/work/arduino/ArduinoCore/Release/libArduinoCore.a(Print.o)
                                                  /home/dalmir/work/arduino/ArduinoLibraries/ArduinoDistanceDriver/Release/libArduinoDistanceDriver.a(UltrasoundDistanceSensor.o)
__data_end                                        /usr/lib/gcc/avr/4.8.1/avr5/libgcc.a(_copy_data.o)
__data_load_start                                 /usr/lib/gcc/avr/4.8.1/avr5/libgcc.a(_copy_data.o)
__data_start                                      /usr/lib/gcc/avr/4.8.1/avr5/libgcc.a(_copy_data.o)
__divsf3                                          /usr/lib/gcc/avr/4.8.1/../../../avr/lib/avr5/libm.a(divsf3.o)
                                                  /home/dalmir/work/arduino/ArduinoCore/Release/libArduinoCore.a(Print.o)
                                                  /home/dalmir/work/arduino/ArduinoLibraries/ArduinoDistanceDriver/Release/libArduinoDistanceDriver.a(UltrasoundDistanceSensor.o)
__divsf3_pse                                      /usr/lib/gcc/avr/4.8.1/../../../avr/lib/avr5/libm.a(divsf3x.o)
__divsf3x                                         /usr/lib/gcc/avr/4.8.1/../../../avr/lib/avr5/libm.a(divsf3x.o)
                                                  /usr/lib/gcc/avr/4.8.1/../../../avr/lib/avr5/libm.a(divsf3.o)
__do_clear_bss                                    /usr/lib/gcc/avr/4.8.1/avr5/libgcc.a(_clear_bss.o)
                                                  /home/dalmir/work/arduino/ArduinoCore/Release/libArduinoCore.a(wiring.o)
                                                  /home/dalmir/work/arduino/ArduinoCore/Release/libArduinoCore.a(HardwareSerial0.o)
                                                  ./main.o
__do_copy_data                                    /usr/lib/gcc/avr/4.8.1/avr5/libgcc.a(_copy_data.o)
                                                  /home/dalmir/work/arduino/ArduinoCore/Release/libArduinoCore.a(HardwareSerial.o)
                                                  /home/dalmir/work/arduino/ArduinoCore/Release/libArduinoCore.a(Print.o)
                                                  /home/dalmir/work/arduino/ArduinoLibraries/ArduinoDistanceDriver/Release/libArduinoDistanceDriver.a(UltrasoundDistanceSensor.o)
                                                  ./main.o
__do_global_ctors                                 /usr/lib/gcc/avr/4.8.1/avr5/libgcc.a(_ctors.o)
                                                  /home/dalmir/work/arduino/ArduinoCore/Release/libArduinoCore.a(HardwareSerial0.o)
                                                  ./main.o
__eqsf2                                           /usr/lib/gcc/avr/4.8.1/../../../avr/lib/avr5/libm.a(cmpsf2.o)
__fixunssfsi                                      /usr/lib/gcc/avr/4.8.1/../../../avr/lib/avr5/libm.a(fixunssfsi.o)
                                                  /home/dalmir/work/arduino/ArduinoCore/Release/libArduinoCore.a(Print.o)
__floatsisf                                       /usr/lib/gcc/avr/4.8.1/../../../avr/lib/avr5/libm.a(floatsisf.o)
__floatunsisf                                     /usr/lib/gcc/avr/4.8.1/../../../avr/lib/avr5/libm.a(floatsisf.o)
                                                  /home/dalmir/work/arduino/ArduinoCore/Release/libArduinoCore.a(Print.o)
                                                  /home/dalmir/work/arduino/ArduinoLibraries/ArduinoDistanceDriver/Release/libArduinoDistanceDriver.a(UltrasoundDistanceSensor.o)
                                                  ./main.o
__fp_cmp                                          /usr/lib/gcc/avr/4.8.1/../../../avr/lib/avr5/libm.a(fp_cmp.o)
                                                  /usr/lib/gcc/avr/4.8.1/../../../avr/lib/avr5/libm.a(unordsf2.o)
                                                  /usr/lib/gcc/avr/4.8.1/../../../avr/lib/avr5/libm.a(gesf2.o)
                                                  /usr/lib/gcc/avr/4.8.1/../../../avr/lib/avr5/libm.a(cmpsf2.o)
__fp_inf                                          /usr/lib/gcc/avr/4.8.1/../../../avr/lib/avr5/libm.a(fp_inf.o)
                                                  /usr/lib/gcc/avr/4.8.1/../../../avr/lib/avr5/libm.a(mulsf3x.o)
                                                  /usr/lib/gcc/avr/4.8.1/../../../avr/lib/avr5/libm.a(divsf3x.o)
                                                  /usr/lib/gcc/avr/4.8.1/../../../avr/lib/avr5/libm.a(addsf3x.o)
__fp_nan                                          /usr/lib/gcc/avr/4.8.1/../../../avr/lib/avr5/libm.a(fp_nan.o)
                                                  /usr/lib/gcc/avr/4.8.1/../../../avr/lib/avr5/libm.a(mulsf3x.o)
                                                  /usr/lib/gcc/avr/4.8.1/../../../avr/lib/avr5/libm.a(divsf3x.o)
                                                  /usr/lib/gcc/avr/4.8.1/../../../avr/lib/avr5/libm.a(addsf3x.o)
__fp_pscA                                         /usr/lib/gcc/avr/4.8.1/../../../avr/lib/avr5/libm.a(fp_pscA.o)
                                                  /usr/lib/gcc/avr/4.8.1/../../../avr/lib/avr5/libm.a(mulsf3x.o)
                                                  /usr/lib/gcc/avr/4.8.1/../../../avr/lib/avr5/libm.a(divsf3x.o)
                                                  /usr/lib/gcc/avr/4.8.1/../../../avr/lib/avr5/libm.a(addsf3x.o)
__fp_pscB                                         /usr/lib/gcc/avr/4.8.1/../../../avr/lib/avr5/libm.a(fp_pscB.o)
                                                  /usr/lib/gcc/avr/4.8.1/../../../avr/lib/avr5/libm.a(mulsf3x.o)
                                                  /usr/lib/gcc/avr/4.8.1/../../../avr/lib/avr5/libm.a(divsf3x.o)
                                                  /usr/lib/gcc/avr/4.8.1/../../../avr/lib/avr5/libm.a(addsf3x.o)
__fp_round                                        /usr/lib/gcc/avr/4.8.1/../../../avr/lib/avr5/libm.a(fp_round.o)
                                                  /usr/lib/gcc/avr/4.8.1/../../../avr/lib/avr5/libm.a(mulsf3.o)
                                                  /usr/lib/gcc/avr/4.8.1/../../../avr/lib/avr5/libm.a(divsf3.o)
                                                  /usr/lib/gcc/avr/4.8.1/../../../avr/lib/avr5/libm.a(addsf3.o)
__fp_split3                                       /usr/lib/gcc/avr/4.8.1/../../../avr/lib/avr5/libm.a(fp_split3.o)
                                                  /usr/lib/gcc/avr/4.8.1/../../../avr/lib/avr5/libm.a(mulsf3x.o)
                                                  /usr/lib/gcc/avr/4.8.1/../../../avr/lib/avr5/libm.a(divsf3x.o)
                                                  /usr/lib/gcc/avr/4.8.1/../../../avr/lib/avr5/libm.a(addsf3x.o)
__fp_splitA                                       /usr/lib/gcc/avr/4.8.1/../../../avr/lib/avr5/libm.a(fp_split3.o)
                                                  /usr/lib/gcc/avr/4.8.1/../../../avr/lib/avr5/libm.a(fixunssfsi.o)
__fp_szero                                        /usr/lib/gcc/avr/4.8.1/../../../avr/lib/avr5/libm.a(fp_zero.o)
                                                  /usr/lib/gcc/avr/4.8.1/../../../avr/lib/avr5/libm.a(mulsf3x.o)
                                                  /usr/lib/gcc/avr/4.8.1/../../../avr/lib/avr5/libm.a(divsf3x.o)
__fp_zero                                         /usr/lib/gcc/avr/4.8.1/../../../avr/lib/avr5/libm.a(fp_zero.o)
                                                  /usr/lib/gcc/avr/4.8.1/../../../avr/lib/avr5/libm.a(fixunssfsi.o)
                                                  /usr/lib/gcc/avr/4.8.1/../../../avr/lib/avr5/libm.a(addsf3x.o)
__gesf2                                           /usr/lib/gcc/avr/4.8.1/../../../avr/lib/avr5/libm.a(gesf2.o)
__gtsf2                                           /usr/lib/gcc/avr/4.8.1/../../../avr/lib/avr5/libm.a(gesf2.o)
                                                  /home/dalmir/work/arduino/ArduinoCore/Release/libArduinoCore.a(Print.o)
                                                  ./main.o
__heap_end                                        /usr/lib/gcc/avr/4.8.1/../../../avr/lib/avr5/crtm328p.o
__init                                            /usr/lib/gcc/avr/4.8.1/../../../avr/lib/avr5/crtm328p.o
__lesf2                                           /usr/lib/gcc/avr/4.8.1/../../../avr/lib/avr5/libm.a(cmpsf2.o)
                                                  /home/dalmir/work/arduino/ArduinoCore/Release/libArduinoCore.a(Print.o)
__ltsf2                                           /usr/lib/gcc/avr/4.8.1/../../../avr/lib/avr5/libm.a(cmpsf2.o)
                                                  /home/dalmir/work/arduino/ArduinoCore/Release/libArduinoCore.a(Print.o)
                                                  ./main.o
__mulsf3                                          /usr/lib/gcc/avr/4.8.1/../../../avr/lib/avr5/libm.a(mulsf3.o)
                                                  /home/dalmir/work/arduino/ArduinoCore/Release/libArduinoCore.a(Print.o)
__mulsf3_pse                                      /usr/lib/gcc/avr/4.8.1/../../../avr/lib/avr5/libm.a(mulsf3x.o)
__mulsf3x                                         /usr/lib/gcc/avr/4.8.1/../../../avr/lib/avr5/libm.a(mulsf3x.o)
                                                  /usr/lib/gcc/avr/4.8.1/../../../avr/lib/avr5/libm.a(mulsf3.o)
__nesf2                                           /usr/lib/gcc/avr/4.8.1/../../../avr/lib/avr5/libm.a(cmpsf2.o)
__stack                                           /usr/lib/gcc/avr/4.8.1/../../../avr/lib/avr5/crtm328p.o
__subsf3                                          /usr/lib/gcc/avr/4.8.1/../../../avr/lib/avr5/libm.a(addsf3.o)
                                                  /home/dalmir/work/arduino/ArduinoCore/Release/libArduinoCore.a(Print.o)
__tablejump2__                                    /usr/lib/gcc/avr/4.8.1/avr5/libgcc.a(_tablejump.o)
__tablejump__                                     /usr/lib/gcc/avr/4.8.1/avr5/libgcc.a(_tablejump.o)
                                                  /usr/lib/gcc/avr/4.8.1/avr5/libgcc.a(_ctors.o)
__udivmodsi4                                      /usr/lib/gcc/avr/4.8.1/avr5/libgcc.a(_udivmodsi4.o)
                                                  /home/dalmir/work/arduino/ArduinoCore/Release/libArduinoCore.a(HardwareSerial.o)
                                                  /home/dalmir/work/arduino/ArduinoCore/Release/libArduinoCore.a(Print.o)
__unordsf2                                        /usr/lib/gcc/avr/4.8.1/../../../avr/lib/avr5/libm.a(unordsf2.o)
                                                  /home/dalmir/work/arduino/ArduinoCore/Release/libArduinoCore.a(Print.o)
__vector_1                                        /usr/lib/gcc/avr/4.8.1/../../../avr/lib/avr5/crtm328p.o
__vector_10                                       /usr/lib/gcc/avr/4.8.1/../../../avr/lib/avr5/crtm328p.o
__vector_11                                       /usr/lib/gcc/avr/4.8.1/../../../avr/lib/avr5/crtm328p.o
__vector_12                                       /usr/lib/gcc/avr/4.8.1/../../../avr/lib/avr5/crtm328p.o
__vector_13                                       /usr/lib/gcc/avr/4.8.1/../../../avr/lib/avr5/crtm328p.o
__vector_14                                       /usr/lib/gcc/avr/4.8.1/../../../avr/lib/avr5/crtm328p.o
__vector_15                                       /usr/lib/gcc/avr/4.8.1/../../../avr/lib/avr5/crtm328p.o
__vector_16                                       /home/dalmir/work/arduino/ArduinoCore/Release/libArduinoCore.a(wiring.o)
                                                  /usr/lib/gcc/avr/4.8.1/../../../avr/lib/avr5/crtm328p.o
__vector_17                                       /usr/lib/gcc/avr/4.8.1/../../../avr/lib/avr5/crtm328p.o
__vector_18                                       /home/dalmir/work/arduino/ArduinoCore/Release/libArduinoCore.a(HardwareSerial0.o)
                                                  /usr/lib/gcc/avr/4.8.1/../../../avr/lib/avr5/crtm328p.o
__vector_19                                       /home/dalmir/work/arduino/ArduinoCore/Release/libArduinoCore.a(HardwareSerial0.o)
                                                  /usr/lib/gcc/avr/4.8.1/../../../avr/lib/avr5/crtm328p.o
__vector_2                                        /usr/lib/gcc/avr/4.8.1/../../../avr/lib/avr5/crtm328p.o
__vector_20                                       /usr/lib/gcc/avr/4.8.1/../../../avr/lib/avr5/crtm328p.o
__vector_21                                       /usr/lib/gcc/avr/4.8.1/../../../avr/lib/avr5/crtm328p.o
__vector_22                                       /usr/lib/gcc/avr/4.8.1/../../../avr/lib/avr5/crtm328p.o
__vector_23                                       /usr/lib/gcc/avr/4.8.1/../../../avr/lib/avr5/crtm328p.o
__vector_24                                       /usr/lib/gcc/avr/4.8.1/../../../avr/lib/avr5/crtm328p.o
__vector_25                                       /usr/lib/gcc/avr/4.8.1/../../../avr/lib/avr5/crtm328p.o
__vector_3                                        /usr/lib/gcc/avr/4.8.1/../../../avr/lib/avr5/crtm328p.o
__vector_4                                        /usr/lib/gcc/avr/4.8.1/../../../avr/lib/avr5/crtm328p.o
__vector_5                                        /usr/lib/gcc/avr/4.8.1/../../../avr/lib/avr5/crtm328p.o
__vector_6                                        /usr/lib/gcc/avr/4.8.1/../../../avr/lib/avr5/crtm328p.o
__vector_7                                        /usr/lib/gcc/avr/4.8.1/../../../avr/lib/avr5/crtm328p.o
__vector_8                                        /usr/lib/gcc/avr/4.8.1/../../../avr/lib/avr5/crtm328p.o
__vector_9                                        /usr/lib/gcc/avr/4.8.1/../../../avr/lib/avr5/crtm328p.o
__vector_default                                  /usr/lib/gcc/avr/4.8.1/../../../avr/lib/avr5/crtm328p.o
__vectors                                         /usr/lib/gcc/avr/4.8.1/../../../avr/lib/avr5/crtm328p.o
_exit                                             /usr/lib/gcc/avr/4.8.1/avr5/libgcc.a(_exit.o)
                                                  /usr/lib/gcc/avr/4.8.1/../../../avr/lib/avr5/libc.a(abort.o)
abort                                             /usr/lib/gcc/avr/4.8.1/../../../avr/lib/avr5/libc.a(abort.o)
                                                  /home/dalmir/work/arduino/ArduinoCore/Release/libArduinoCore.a(abi.o)
countPulseASM                                     /tmp/ccF3ZNSQ.o
                                                  /home/dalmir/work/arduino/ArduinoCore/Release/libArduinoCore.a(wiring_pulse.o)
delay                                             /home/dalmir/work/arduino/ArduinoCore/Release/libArduinoCore.a(wiring.o)
delayMicroseconds                                 /home/dalmir/work/arduino/ArduinoCore/Release/libArduinoCore.a(wiring.o)
                                                  /home/dalmir/work/arduino/ArduinoLibraries/ArduinoDistanceDriver/Release/libArduinoDistanceDriver.a(UltrasoundDistanceSensor.o)
digitalRead                                       /home/dalmir/work/arduino/ArduinoCore/Release/libArduinoCore.a(wiring_digital.o)
digitalWrite                                      /home/dalmir/work/arduino/ArduinoCore/Release/libArduinoCore.a(wiring_digital.o)
                                                  /home/dalmir/work/arduino/ArduinoLibraries/ArduinoDistanceDriver/Release/libArduinoDistanceDriver.a(UltrasoundDistanceSensor.o)
                                                  ./main.o
digital_pin_to_bit_mask_PGM                       /home/dalmir/work/arduino/ArduinoCore/Release/libArduinoCore.a(wiring_digital.o)
                                                  /home/dalmir/work/arduino/ArduinoCore/Release/libArduinoCore.a(wiring_pulse.o)
digital_pin_to_port_PGM                           /home/dalmir/work/arduino/ArduinoCore/Release/libArduinoCore.a(wiring_digital.o)
                                                  /home/dalmir/work/arduino/ArduinoCore/Release/libArduinoCore.a(wiring_pulse.o)
digital_pin_to_timer_PGM                          /home/dalmir/work/arduino/ArduinoCore/Release/libArduinoCore.a(wiring_digital.o)
distance                                          ./main.o
exit                                              /usr/lib/gcc/avr/4.8.1/avr5/libgcc.a(_exit.o)
                                                  /usr/lib/gcc/avr/4.8.1/../../../avr/lib/avr5/crtm328p.o
init                                              /home/dalmir/work/arduino/ArduinoCore/Release/libArduinoCore.a(wiring.o)
                                                  ./main.o
loop                                              ./main.o
main                                              ./main.o
                                                  /usr/lib/gcc/avr/4.8.1/../../../avr/lib/avr5/crtm328p.o
micros                                            /home/dalmir/work/arduino/ArduinoCore/Release/libArduinoCore.a(wiring.o)
                                                  /home/dalmir/work/arduino/ArduinoCore/Release/libArduinoCore.a(wiring_pulse.o)
millis                                            /home/dalmir/work/arduino/ArduinoCore/Release/libArduinoCore.a(wiring.o)
                                                  ./main.o
pinMode                                           /home/dalmir/work/arduino/ArduinoCore/Release/libArduinoCore.a(wiring_digital.o)
                                                  /home/dalmir/work/arduino/ArduinoLibraries/ArduinoDistanceDriver/Release/libArduinoDistanceDriver.a(UltrasoundDistanceSensor.o)
                                                  ./main.o
port_to_input_PGM                                 /home/dalmir/work/arduino/ArduinoCore/Release/libArduinoCore.a(wiring_digital.o)
                                                  /home/dalmir/work/arduino/ArduinoCore/Release/libArduinoCore.a(wiring_pulse.o)
port_to_mode_PGM                                  /home/dalmir/work/arduino/ArduinoCore/Release/libArduinoCore.a(wiring_digital.o)
port_to_output_PGM                                /home/dalmir/work/arduino/ArduinoCore/Release/libArduinoCore.a(wiring_digital.o)
pulseIn                                           /home/dalmir/work/arduino/ArduinoCore/Release/libArduinoCore.a(wiring_pulse.o)
                                                  /home/dalmir/work/arduino/ArduinoLibraries/ArduinoDistanceDriver/Release/libArduinoDistanceDriver.a(UltrasoundDistanceSensor.o)
pulseInLong                                       /home/dalmir/work/arduino/ArduinoCore/Release/libArduinoCore.a(wiring_pulse.o)
run()                                             ./main.o
sensor                                            ./main.o
serialEvent()                                     /home/dalmir/work/arduino/ArduinoCore/Release/libArduinoCore.a(HardwareSerial.o)
serialEventRun()                                  /home/dalmir/work/arduino/ArduinoCore/Release/libArduinoCore.a(HardwareSerial.o)
setup                                             ./main.o
state                                             ./main.o
timer0_millis                                     /home/dalmir/work/arduino/ArduinoCore/Release/libArduinoCore.a(wiring.o)
timer0_overflow_count                             /home/dalmir/work/arduino/ArduinoCore/Release/libArduinoCore.a(wiring.o)
vtable for DistanceSensor                         /home/dalmir/work/arduino/ArduinoLibraries/ArduinoDistanceDriver/Release/libArduinoDistanceDriver.a(UltrasoundDistanceSensor.o)
vtable for HardwareSerial                         /home/dalmir/work/arduino/ArduinoCore/Release/libArduinoCore.a(HardwareSerial.o)
                                                  /home/dalmir/work/arduino/ArduinoCore/Release/libArduinoCore.a(HardwareSerial0.o)
vtable for Print                                  /home/dalmir/work/arduino/ArduinoCore/Release/libArduinoCore.a(Print.o)
vtable for UltrasoundDistanceSensor               /home/dalmir/work/arduino/ArduinoLibraries/ArduinoDistanceDriver/Release/libArduinoDistanceDriver.a(UltrasoundDistanceSensor.o)
yield                                             /home/dalmir/work/arduino/ArduinoCore/Release/libArduinoCore.a(hooks.o)
                                                  /home/dalmir/work/arduino/ArduinoCore/Release/libArduinoCore.a(wiring.o)
